// Jest Snapshot v1, https://goo.gl/fbAQLP

exports[`Todo renders and matches our snapshot 1`] = `
<div
  className="Todo"
>
  Yo
  <br />
  <hr />
  <button
    onClick={[Function]}
  >
    Mark as done
  </button>
  <button
    onClick={[Function]}
  >
    Remove Me
  </button>
</div>
`;
